exports[`canvas canDrawCharacter iOS 10 - Safari 10.0 shows expected behaviour for üë∏ 1`] = `true`;

exports[`canvas canDrawCharacter iOS 10 - Safari 10.0 shows expected behaviour for üë∏üèæ 1`] = `true`;

exports[`canvas canDrawCharacter iOS 10 - Safari 10.0 shows expected behaviour for üïµ 1`] = `true`;

exports[`canvas canDrawCharacter iOS 10 - Safari 10.0 shows expected behaviour for üòô 1`] = `true`;

exports[`canvas canDrawCharacter iOS 10 - Safari 10.0 shows expected behaviour for üôÇ 1`] = `true`;

exports[`canvas canDrawCharacter iOS 10 - Safari 10.0 shows expected behaviour for ü§î 1`] = `true`;

exports[`canvas canDrawCharacter iOS 10 - Safari 10.0 shows expected behaviour for ü§£ 1`] = `false`;

exports[`canvas canDrawCharacter in general with an existing canvas context calls through to fillText and confirms drawing 1`] = `false`;

exports[`canvas canDrawCharacter in general with no canvas context calls through to fillText and confirms drawing without creating a context 1`] = `false`;

exports[`canvas canDrawCharacter macOS Sierra - Chrome 53.0.2785.143 shows expected behaviour for üë∏ 1`] = `true`;

exports[`canvas canDrawCharacter macOS Sierra - Chrome 53.0.2785.143 shows expected behaviour for üë∏üèæ 1`] = `true`;

exports[`canvas canDrawCharacter macOS Sierra - Chrome 53.0.2785.143 shows expected behaviour for üïµ 1`] = `true`;

exports[`canvas canDrawCharacter macOS Sierra - Chrome 53.0.2785.143 shows expected behaviour for üòô 1`] = `true`;

exports[`canvas canDrawCharacter macOS Sierra - Chrome 53.0.2785.143 shows expected behaviour for üôÇ 1`] = `true`;

exports[`canvas canDrawCharacter macOS Sierra - Chrome 53.0.2785.143 shows expected behaviour for ü§î 1`] = `true`;

exports[`canvas canDrawCharacter macOS Sierra - Chrome 53.0.2785.143 shows expected behaviour for ü§£ 1`] = `false`;

exports[`canvas canDrawCharacter macOS Sierra - Firefox 49.0 shows expected behaviour for üë∏ 1`] = `true`;

exports[`canvas canDrawCharacter macOS Sierra - Firefox 49.0 shows expected behaviour for üë∏üèæ 1`] = `true`;

exports[`canvas canDrawCharacter macOS Sierra - Firefox 49.0 shows expected behaviour for üïµ 1`] = `true`;

exports[`canvas canDrawCharacter macOS Sierra - Firefox 49.0 shows expected behaviour for üòô 1`] = `true`;

exports[`canvas canDrawCharacter macOS Sierra - Firefox 49.0 shows expected behaviour for üôÇ 1`] = `true`;

exports[`canvas canDrawCharacter macOS Sierra - Firefox 49.0 shows expected behaviour for ü§î 1`] = `true`;

exports[`canvas canDrawCharacter macOS Sierra - Firefox 49.0 shows expected behaviour for ü§£ 1`] = `false`;

exports[`canvas canDrawCharacter macOS Sierra - Opera 40.0.2308.81 shows expected behaviour for üë∏ 1`] = `true`;

exports[`canvas canDrawCharacter macOS Sierra - Opera 40.0.2308.81 shows expected behaviour for üë∏üèæ 1`] = `true`;

exports[`canvas canDrawCharacter macOS Sierra - Opera 40.0.2308.81 shows expected behaviour for üïµ 1`] = `true`;

exports[`canvas canDrawCharacter macOS Sierra - Opera 40.0.2308.81 shows expected behaviour for üòô 1`] = `true`;

exports[`canvas canDrawCharacter macOS Sierra - Opera 40.0.2308.81 shows expected behaviour for üôÇ 1`] = `true`;

exports[`canvas canDrawCharacter macOS Sierra - Opera 40.0.2308.81 shows expected behaviour for ü§î 1`] = `true`;

exports[`canvas canDrawCharacter macOS Sierra - Opera 40.0.2308.81 shows expected behaviour for ü§£ 1`] = `false`;

exports[`canvas canDrawCharacter macOS Sierra - Safari 10.0 shows expected behaviour for üë∏ 1`] = `true`;

exports[`canvas canDrawCharacter macOS Sierra - Safari 10.0 shows expected behaviour for üë∏üèæ 1`] = `true`;

exports[`canvas canDrawCharacter macOS Sierra - Safari 10.0 shows expected behaviour for üïµ 1`] = `true`;

exports[`canvas canDrawCharacter macOS Sierra - Safari 10.0 shows expected behaviour for üòô 1`] = `true`;

exports[`canvas canDrawCharacter macOS Sierra - Safari 10.0 shows expected behaviour for üôÇ 1`] = `true`;

exports[`canvas canDrawCharacter macOS Sierra - Safari 10.0 shows expected behaviour for ü§î 1`] = `true`;

exports[`canvas canDrawCharacter macOS Sierra - Safari 10.0 shows expected behaviour for ü§£ 1`] = `false`;

exports[`canvas getCharacterWidth with an existing canvas context calls through to measureText and returns the width 1`] = `1234`;

exports[`canvas getCharacterWidth with no canvas context calls through to measureText and returns the width without creating a context 1`] = `1234`;

exports[`canvas prepareCanvasContext with an existing canvas context clears the canvas 1`] = `"data:image/png;base64,iVBORw0KGgoAAAANSUhEUgAAASwAAACWCAYAAABkW7XSAAAABmJLR0QA/wD/AP+gvaeTAAABWklEQVR4nO3UwQ3AIBDAMK7770xX4Ici7Anyyuy193rYrJnbDcCZ73YAwCnDAjIMC8gwLCDDsIAMwwIyDAvIMCwgw7CADMMCMgwLyDAsIMOwgAzDAjIMC8gwLCDDsIAMwwIyDAvIMCwgw7CADMMCMgwLyDAsIMOwgAzDAjIMC8gwLCDDsIAMwwIyDAvIMCwgw7CADMMCMgwLyDAsIMOwgAzDAjIMC8gwLCDDsIAMwwIyDAvIMCwgw7CADMMCMgwLyDAsIMOwgAzDAjIMC8gwLCDDsIAMwwIyDAvIMCwgw7CADMMCMgwLyDAsIMOwgAzDAjIMCwAAAAAAAAAAAAAAAAAAAAAAAAAAAAAAAAAAAAAAAAAAAAAAAAAAAAAAAAAAAAAAAAAAAAAAAAAAAAAAAAAAAAAAAAAAAAAAAAAAAAAAAAAAAAAAAAAAAAAAAAAAAAAAAAAAAAB43A+aOwOAiiU5oAAAAABJRU5ErkJggg=="`;

exports[`canvas prepareCanvasContext with an existing canvas context clears the canvas 2`] = `"data:image/png;base64,iVBORw0KGgoAAAANSUhEUgAAASwAAACWCAYAAABkW7XSAAAABmJLR0QA/wD/AP+gvaeTAAAAxUlEQVR4nO3BMQEAAADCoPVPbQhfoAAAAAAAAAAAAAAAAAAAAAAAAAAAAAAAAAAAAAAAAAAAAAAAAAAAAAAAAAAAAAAAAAAAAAAAAAAAAAAAAAAAAAAAAAAAAAAAAAAAAAAAAAAAAAAAAAAAAAAAAAAAAAAAAAAAAAAAAAAAAAAAAAAAAAAAAAAAAAAAAAAAAAAAAAAAAAAAAAAAAAAAAAAAAAAAAAAAAAAAAAAAAAAAAAAAAAAAAAAAAAAAAAAAAAAAAOA1v9QAATX68/0AAAAASUVORK5CYII="`;

exports[`canvas prepareCanvasContext with an existing canvas context doesn't reconfigure the font and fillStyle 1`] = `"#ff00ff"`;

exports[`canvas prepareCanvasContext with an existing canvas context doesn't reconfigure the font and fillStyle 2`] = `"12px Verdana"`;

exports[`canvas prepareCanvasContext with no canvas context creates a canvas with font and fillStyle 1`] = `"data:image/png;base64,iVBORw0KGgoAAAANSUhEUgAAASwAAACWCAYAAABkW7XSAAAABmJLR0QA/wD/AP+gvaeTAAAAxUlEQVR4nO3BMQEAAADCoPVPbQhfoAAAAAAAAAAAAAAAAAAAAAAAAAAAAAAAAAAAAAAAAAAAAAAAAAAAAAAAAAAAAAAAAAAAAAAAAAAAAAAAAAAAAAAAAAAAAAAAAAAAAAAAAAAAAAAAAAAAAAAAAAAAAAAAAAAAAAAAAAAAAAAAAAAAAAAAAAAAAAAAAAAAAAAAAAAAAAAAAAAAAAAAAAAAAAAAAAAAAAAAAAAAAAAAAAAAAAAAAAAAAAAAAAAAAAAAAOA1v9QAATX68/0AAAAASUVORK5CYII="`;

exports[`canvas prepareCanvasContext with no canvas context creates a canvas with font and fillStyle 2`] = `"#000000"`;

exports[`canvas prepareCanvasContext with no canvas context creates a canvas with font and fillStyle 3`] = `"32px \"Apple Color Emoji\",\"Segoe UI\",\"Segoe UI Emoji\",\"Segoe UI Symbol\",Arial"`;
